1



            * * * * * * * * * * * * * * * * * * * * * * * * * * * 
            *                                                   *
            *                    C O N M I N                    *
            *                                                   *
            *                FORTRAN PROGRAM FOR                *
            *                                                   *
            *         CONSTRAINED FUNCTION MINIMIZATION         *
            *                                                   *
            * * * * * * * * * * * * * * * * * * * * * * * * * * * 




     UNCONSTRAINED FUNCTION MINIMIZATION

     CONTROL PARAMETERS

     IPRINT  NDV    ITMAX    NCON    NSIDE  ICNDIR   NSCAL   NFDG
       2       2   10000       0       0       3       0       1

     LINOBJ  ITRM     N1      N2      N3      N4      N5
       0       2       4       4       4       4       8

         CT              CTMIN           CTL             CTLMIN
     -0.10000E+00     0.40000E-02    -0.10000E-01     0.10000E-02

         THETA           PHI             DELFUN          DABFUN
      0.10000E+01     0.50000E+01     0.10000E-05     0.22000E-04

         FDCH            FDCHM           ALPHAX          ABOBJ1
      0.10000E-01     0.10000E-01     0.10000E+00     0.10000E+00


     INITIAL FUNCTION INFORMATION

     OBJ =   0.220000E+02

     DECISION VARIABLES (X-VECTOR)
       1)    0.00000E+00  0.00000E+00
 




     ITER =    1     OBJ =  -0.25942E+02

     DECISION VARIABLES (X-VECTOR)
       1)    0.60744E+01 -0.80992E+01




     ITER =    2     OBJ =  -0.27268E+02

     DECISION VARIABLES (X-VECTOR)
       1)    0.68987E+01 -0.76082E+01




     ITER =    3     OBJ =  -0.27268E+02

     DECISION VARIABLES (X-VECTOR)
       1)    0.69026E+01 -0.76059E+01




     ITER =    4     OBJ =  -0.27269E+02

     DECISION VARIABLES (X-VECTOR)
       1)    0.69216E+01 -0.75864E+01




     ITER =    5     OBJ =  -0.27333E+02

     DECISION VARIABLES (X-VECTOR)
       1)    0.66680E+01 -0.73320E+01




     ITER =    6     OBJ =  -0.27333E+02

     DECISION VARIABLES (X-VECTOR)
       1)    0.66666E+01 -0.73333E+01




     ITER =    7     OBJ =  -0.27333E+02

     DECISION VARIABLES (X-VECTOR)
       1)    0.66667E+01 -0.73333E+01
1



    FINAL OPTIMIZATION INFORMATION

     OBJ =  -0.273333E+02

     DECISION VARIABLES (X-VECTOR)
       1)    0.66667E+01 -0.73333E+01

     TERMINATION CRITERION
          ABS(1-OBJ(I-1)/OBJ(I)) LESS THAN DELFUN FOR  2 ITERATIONS
          ABS(OBJ(I)-OBJ(I-1))   LESS THAN DABFUN FOR  2 ITERATIONS

     NUMBER OF ITERATIONS =    7

     OBJECTIVE FUNCTION WAS EVALUATED           36  TIMES

     GRADIENT OF OBJECTIVE WAS CALCULATED        7  TIMES


        NUMBER OF FUNC-CALLS:  NFUN =   36
        NUMBER OF GRAD-CALLS:  NGRD =    7
